<?xml version="1.0" encoding="ISO-8859-1" ?>
<link_info>
   <banner>TI ARM Clang Linker PC v4.0.4.LTS</banner>
   <copyright>Copyright (c) 1996-2018 Texas Instruments Incorporated</copyright>
   <command_line>C:\ti\ccs2031\ccs\tools\compiler\ti-cgt-armllvm_4.0.4.LTS\bin\tiarmlnk -IC:\ti\ccs2031\ccs\tools\compiler\ti-cgt-armllvm_4.0.4.LTS\lib -o project0.out -mproject0_ccs.map --stack_size=256 -iC:/ti/ccs2031/ccs/tools/compiler/ti-cgt-armllvm_4.0.4.LTS/lib --reread_libs --diag_wrap=off --display_error_number --warn_sections --xml_link_info=project0_linkInfo.xml --rom_model ./emg_mock.o ./game.o ./gfx.o ./main.o ./process.o ./ssd1351.o ./startup_ccs.o ./timer.o ../project0_ccs.cmd -llibc.a -lC:/ti/TivaWare_C_Series-2.2.0.295/driverlib/ccs/Debug/driverlib.lib -lC:/Users/Symae/Downloads/ECE480/MCU_OLED_UI_LOGIC/driverlib/Debug/driverlib.lib --start-group -llibc++.a -llibc++abi.a -llibc.a -llibsys.a -llibsysbm.a -llibclang_rt.builtins.a -llibclang_rt.profile.a --end-group</command_line>
   <link_time>0x69043e75</link_time>
   <link_errors>0x0</link_errors>
   <output_file>C:\Users\Symae\Downloads\ECE480\MCU_OLED_UI_LOGIC\project0\Debug\project0.out</output_file>
   <entry_point>
      <name>_c_int00_noargs</name>
      <address>0x20fd</address>
   </entry_point>
   <input_file_list>
      <input_file id="fl-1">
         <path>C:\Users\Symae\Downloads\ECE480\MCU_OLED_UI_LOGIC\project0\Debug\.\</path>
         <kind>object</kind>
         <file>emg_mock.o</file>
         <name>emg_mock.o</name>
      </input_file>
      <input_file id="fl-2">
         <path>C:\Users\Symae\Downloads\ECE480\MCU_OLED_UI_LOGIC\project0\Debug\.\</path>
         <kind>object</kind>
         <file>game.o</file>
         <name>game.o</name>
      </input_file>
      <input_file id="fl-3">
         <path>C:\Users\Symae\Downloads\ECE480\MCU_OLED_UI_LOGIC\project0\Debug\.\</path>
         <kind>object</kind>
         <file>gfx.o</file>
         <name>gfx.o</name>
      </input_file>
      <input_file id="fl-4">
         <path>C:\Users\Symae\Downloads\ECE480\MCU_OLED_UI_LOGIC\project0\Debug\.\</path>
         <kind>object</kind>
         <file>main.o</file>
         <name>main.o</name>
      </input_file>
      <input_file id="fl-5">
         <path>C:\Users\Symae\Downloads\ECE480\MCU_OLED_UI_LOGIC\project0\Debug\.\</path>
         <kind>object</kind>
         <file>process.o</file>
         <name>process.o</name>
      </input_file>
      <input_file id="fl-6">
         <path>C:\Users\Symae\Downloads\ECE480\MCU_OLED_UI_LOGIC\project0\Debug\.\</path>
         <kind>object</kind>
         <file>ssd1351.o</file>
         <name>ssd1351.o</name>
      </input_file>
      <input_file id="fl-7">
         <path>C:\Users\Symae\Downloads\ECE480\MCU_OLED_UI_LOGIC\project0\Debug\.\</path>
         <kind>object</kind>
         <file>startup_ccs.o</file>
         <name>startup_ccs.o</name>
      </input_file>
      <input_file id="fl-8">
         <path>C:\Users\Symae\Downloads\ECE480\MCU_OLED_UI_LOGIC\project0\Debug\.\</path>
         <kind>object</kind>
         <file>timer.o</file>
         <name>timer.o</name>
      </input_file>
      <input_file id="fl-15">
         <path>C:\Users\Symae\Downloads\ECE480\MCU_OLED_UI_LOGIC\project0\Debug\</path>
         <kind>object</kind>
         <file>&lt;internal&gt;</file>
         <name>&lt;internal&gt;</name>
      </input_file>
      <input_file id="fl-2c">
         <path>C:\ti\ccs2031\ccs\tools\compiler\ti-cgt-armllvm_4.0.4.LTS\lib\armv7em-ti-none-eabihf\c\</path>
         <kind>archive</kind>
         <file>libc.a</file>
         <name>e_expf.c.obj</name>
      </input_file>
      <input_file id="fl-2d">
         <path>C:\ti\ccs2031\ccs\tools\compiler\ti-cgt-armllvm_4.0.4.LTS\lib\armv7em-ti-none-eabihf\c\</path>
         <kind>archive</kind>
         <file>libc.a</file>
         <name>e_sqrtf.c.obj</name>
      </input_file>
      <input_file id="fl-2e">
         <path>C:\ti\ccs2031\ccs\tools\compiler\ti-cgt-armllvm_4.0.4.LTS\lib\armv7em-ti-none-eabihf\c\</path>
         <kind>archive</kind>
         <file>libc.a</file>
         <name>s_sinf.c.obj</name>
      </input_file>
      <input_file id="fl-2f">
         <path>C:\ti\ccs2031\ccs\tools\compiler\ti-cgt-armllvm_4.0.4.LTS\lib\armv7em-ti-none-eabihf\c\</path>
         <kind>archive</kind>
         <file>libc.a</file>
         <name>snprintf.c.obj</name>
      </input_file>
      <input_file id="fl-30">
         <path>C:\ti\ccs2031\ccs\tools\compiler\ti-cgt-armllvm_4.0.4.LTS\lib\armv7em-ti-none-eabihf\c\</path>
         <kind>archive</kind>
         <file>libc.a</file>
         <name>aeabi_portable.c.obj</name>
      </input_file>
      <input_file id="fl-31">
         <path>C:\ti\ccs2031\ccs\tools\compiler\ti-cgt-armllvm_4.0.4.LTS\lib\armv7em-ti-none-eabihf\c\</path>
         <kind>archive</kind>
         <file>libc.a</file>
         <name>assert.c.obj</name>
      </input_file>
      <input_file id="fl-32">
         <path>C:\ti\ccs2031\ccs\tools\compiler\ti-cgt-armllvm_4.0.4.LTS\lib\armv7em-ti-none-eabihf\c\</path>
         <kind>archive</kind>
         <file>libc.a</file>
         <name>defs.c.obj</name>
      </input_file>
      <input_file id="fl-33">
         <path>C:\ti\ccs2031\ccs\tools\compiler\ti-cgt-armllvm_4.0.4.LTS\lib\armv7em-ti-none-eabihf\c\</path>
         <kind>archive</kind>
         <file>libc.a</file>
         <name>memory.c.obj</name>
      </input_file>
      <input_file id="fl-34">
         <path>C:\ti\ccs2031\ccs\tools\compiler\ti-cgt-armllvm_4.0.4.LTS\lib\armv7em-ti-none-eabihf\c\</path>
         <kind>archive</kind>
         <file>libc.a</file>
         <name>boot_cortex_m.c.obj</name>
      </input_file>
      <input_file id="fl-35">
         <path>C:\ti\ccs2031\ccs\tools\compiler\ti-cgt-armllvm_4.0.4.LTS\lib\armv7em-ti-none-eabihf\c\</path>
         <kind>archive</kind>
         <file>libc.a</file>
         <name>mathacl_init.c.obj</name>
      </input_file>
      <input_file id="fl-36">
         <path>C:\ti\ccs2031\ccs\tools\compiler\ti-cgt-armllvm_4.0.4.LTS\lib\armv7em-ti-none-eabihf\c\</path>
         <kind>archive</kind>
         <file>libc.a</file>
         <name>autoinit.c.obj</name>
      </input_file>
      <input_file id="fl-37">
         <path>C:\ti\ccs2031\ccs\tools\compiler\ti-cgt-armllvm_4.0.4.LTS\lib\armv7em-ti-none-eabihf\c\</path>
         <kind>archive</kind>
         <file>libc.a</file>
         <name>pre_init.c.obj</name>
      </input_file>
      <input_file id="fl-38">
         <path>C:\ti\ccs2031\ccs\tools\compiler\ti-cgt-armllvm_4.0.4.LTS\lib\armv7em-ti-none-eabihf\c\</path>
         <kind>archive</kind>
         <file>libc.a</file>
         <name>cpy_tbl.c.obj</name>
      </input_file>
      <input_file id="fl-39">
         <path>C:\ti\ccs2031\ccs\tools\compiler\ti-cgt-armllvm_4.0.4.LTS\lib\armv7em-ti-none-eabihf\c\</path>
         <kind>archive</kind>
         <file>libc.a</file>
         <name>copy_zero_init.c.obj</name>
      </input_file>
      <input_file id="fl-3a">
         <path>C:\ti\ccs2031\ccs\tools\compiler\ti-cgt-armllvm_4.0.4.LTS\lib\armv7em-ti-none-eabihf\c\</path>
         <kind>archive</kind>
         <file>libc.a</file>
         <name>copy_decompress_none.c.obj</name>
      </input_file>
      <input_file id="fl-3b">
         <path>C:\ti\ccs2031\ccs\tools\compiler\ti-cgt-armllvm_4.0.4.LTS\lib\armv7em-ti-none-eabihf\c\</path>
         <kind>archive</kind>
         <file>libc.a</file>
         <name>copy_decompress_lzss.c.obj</name>
      </input_file>
      <input_file id="fl-3c">
         <path>C:\ti\ccs2031\ccs\tools\compiler\ti-cgt-armllvm_4.0.4.LTS\lib\armv7em-ti-none-eabihf\c\</path>
         <kind>archive</kind>
         <file>libc.a</file>
         <name>_printfi.c.obj</name>
      </input_file>
      <input_file id="fl-3d">
         <path>C:\ti\ccs2031\ccs\tools\compiler\ti-cgt-armllvm_4.0.4.LTS\lib\armv7em-ti-none-eabihf\c\</path>
         <kind>archive</kind>
         <file>libc.a</file>
         <name>sprintf.c.obj</name>
      </input_file>
      <input_file id="fl-3e">
         <path>C:\ti\ccs2031\ccs\tools\compiler\ti-cgt-armllvm_4.0.4.LTS\lib\armv7em-ti-none-eabihf\c\</path>
         <kind>archive</kind>
         <file>libc.a</file>
         <name>fflush.c.obj</name>
      </input_file>
      <input_file id="fl-3f">
         <path>C:\ti\ccs2031\ccs\tools\compiler\ti-cgt-armllvm_4.0.4.LTS\lib\armv7em-ti-none-eabihf\c\</path>
         <kind>archive</kind>
         <file>libc.a</file>
         <name>fputs.c.obj</name>
      </input_file>
      <input_file id="fl-40">
         <path>C:\ti\ccs2031\ccs\tools\compiler\ti-cgt-armllvm_4.0.4.LTS\lib\armv7em-ti-none-eabihf\c\</path>
         <kind>archive</kind>
         <file>libc.a</file>
         <name>_io_perm.c.obj</name>
      </input_file>
      <input_file id="fl-41">
         <path>C:\ti\ccs2031\ccs\tools\compiler\ti-cgt-armllvm_4.0.4.LTS\lib\armv7em-ti-none-eabihf\c\</path>
         <kind>archive</kind>
         <file>libc.a</file>
         <name>setvbuf.c.obj</name>
      </input_file>
      <input_file id="fl-42">
         <path>C:\ti\ccs2031\ccs\tools\compiler\ti-cgt-armllvm_4.0.4.LTS\lib\armv7em-ti-none-eabihf\c\</path>
         <kind>archive</kind>
         <file>libc.a</file>
         <name>exit.c.obj</name>
      </input_file>
      <input_file id="fl-43">
         <path>C:\ti\ccs2031\ccs\tools\compiler\ti-cgt-armllvm_4.0.4.LTS\lib\armv7em-ti-none-eabihf\c\</path>
         <kind>archive</kind>
         <file>libc.a</file>
         <name>_lock.c.obj</name>
      </input_file>
      <input_file id="fl-44">
         <path>C:\ti\ccs2031\ccs\tools\compiler\ti-cgt-armllvm_4.0.4.LTS\lib\armv7em-ti-none-eabihf\c\</path>
         <kind>archive</kind>
         <file>libc.a</file>
         <name>_ltoa.c.obj</name>
      </input_file>
      <input_file id="fl-45">
         <path>C:\ti\ccs2031\ccs\tools\compiler\ti-cgt-armllvm_4.0.4.LTS\lib\armv7em-ti-none-eabihf\c\</path>
         <kind>archive</kind>
         <file>libc.a</file>
         <name>args_main.c.obj</name>
      </input_file>
      <input_file id="fl-46">
         <path>C:\ti\ccs2031\ccs\tools\compiler\ti-cgt-armllvm_4.0.4.LTS\lib\armv7em-ti-none-eabihf\c\</path>
         <kind>archive</kind>
         <file>libc.a</file>
         <name>atoi.c.obj</name>
      </input_file>
      <input_file id="fl-47">
         <path>C:\ti\ccs2031\ccs\tools\compiler\ti-cgt-armllvm_4.0.4.LTS\lib\armv7em-ti-none-eabihf\c\</path>
         <kind>archive</kind>
         <file>libc.a</file>
         <name>memccpy.c.obj</name>
      </input_file>
      <input_file id="fl-48">
         <path>C:\ti\ccs2031\ccs\tools\compiler\ti-cgt-armllvm_4.0.4.LTS\lib\armv7em-ti-none-eabihf\c\</path>
         <kind>archive</kind>
         <file>libc.a</file>
         <name>s_frexp.c.obj</name>
      </input_file>
      <input_file id="fl-49">
         <path>C:\ti\ccs2031\ccs\tools\compiler\ti-cgt-armllvm_4.0.4.LTS\lib\armv7em-ti-none-eabihf\c\</path>
         <kind>archive</kind>
         <file>libc.a</file>
         <name>s_scalbn.c.obj</name>
      </input_file>
      <input_file id="fl-4a">
         <path>C:\ti\ccs2031\ccs\tools\compiler\ti-cgt-armllvm_4.0.4.LTS\lib\armv7em-ti-none-eabihf\c\</path>
         <kind>archive</kind>
         <file>libc.a</file>
         <name>wcslen.c.obj</name>
      </input_file>
      <input_file id="fl-4b">
         <path>C:\ti\ccs2031\ccs\tools\compiler\ti-cgt-armllvm_4.0.4.LTS\lib\armv7em-ti-none-eabihf\c\</path>
         <kind>archive</kind>
         <file>libc.a</file>
         <name>fopen.c.obj</name>
      </input_file>
      <input_file id="fl-4c">
         <path>C:\ti\ccs2031\ccs\tools\compiler\ti-cgt-armllvm_4.0.4.LTS\lib\armv7em-ti-none-eabihf\c\</path>
         <kind>archive</kind>
         <file>libc.a</file>
         <name>fseek.c.obj</name>
      </input_file>
      <input_file id="fl-4d">
         <path>C:\ti\ccs2031\ccs\tools\compiler\ti-cgt-armllvm_4.0.4.LTS\lib\armv7em-ti-none-eabihf\c\</path>
         <kind>archive</kind>
         <file>libc.a</file>
         <name>aeabi_ctype.S.obj</name>
      </input_file>
      <input_file id="fl-4e">
         <path>C:\ti\ccs2031\ccs\tools\compiler\ti-cgt-armllvm_4.0.4.LTS\lib\armv7em-ti-none-eabihf\c\</path>
         <kind>archive</kind>
         <file>libc.a</file>
         <name>fclose.c.obj</name>
      </input_file>
      <input_file id="fl-4f">
         <path>C:\ti\TivaWare_C_Series-2.2.0.295\driverlib\ccs\Debug\</path>
         <kind>archive</kind>
         <file>driverlib.lib</file>
         <name>gpio.obj</name>
      </input_file>
      <input_file id="fl-50">
         <path>C:\ti\TivaWare_C_Series-2.2.0.295\driverlib\ccs\Debug\</path>
         <kind>archive</kind>
         <file>driverlib.lib</file>
         <name>interrupt.obj</name>
      </input_file>
      <input_file id="fl-51">
         <path>C:\ti\TivaWare_C_Series-2.2.0.295\driverlib\ccs\Debug\</path>
         <kind>archive</kind>
         <file>driverlib.lib</file>
         <name>ssi.obj</name>
      </input_file>
      <input_file id="fl-52">
         <path>C:\ti\TivaWare_C_Series-2.2.0.295\driverlib\ccs\Debug\</path>
         <kind>archive</kind>
         <file>driverlib.lib</file>
         <name>sysctl.obj</name>
      </input_file>
      <input_file id="fl-53">
         <path>C:\ti\TivaWare_C_Series-2.2.0.295\driverlib\ccs\Debug\</path>
         <kind>archive</kind>
         <file>driverlib.lib</file>
         <name>systick.obj</name>
      </input_file>
      <input_file id="fl-54">
         <path>C:\ti\TivaWare_C_Series-2.2.0.295\driverlib\ccs\Debug\</path>
         <kind>archive</kind>
         <file>driverlib.lib</file>
         <name>cpu.obj</name>
      </input_file>
      <input_file id="fl-f4">
         <path>C:\ti\ccs2031\ccs\tools\compiler\ti-cgt-armllvm_4.0.4.LTS\lib\armv7em-ti-none-eabihf\c\</path>
         <kind>archive</kind>
         <file>libsysbm.a</file>
         <name>hostexit.c.obj</name>
      </input_file>
      <input_file id="fl-f5">
         <path>C:\ti\ccs2031\ccs\tools\compiler\ti-cgt-armllvm_4.0.4.LTS\lib\armv7em-ti-none-eabihf\c\</path>
         <kind>archive</kind>
         <file>libsysbm.a</file>
         <name>write.c.obj</name>
      </input_file>
      <input_file id="fl-f6">
         <path>C:\ti\ccs2031\ccs\tools\compiler\ti-cgt-armllvm_4.0.4.LTS\lib\armv7em-ti-none-eabihf\c\</path>
         <kind>archive</kind>
         <file>libsysbm.a</file>
         <name>host_device.c.obj</name>
      </input_file>
      <input_file id="fl-f7">
         <path>C:\ti\ccs2031\ccs\tools\compiler\ti-cgt-armllvm_4.0.4.LTS\lib\armv7em-ti-none-eabihf\c\</path>
         <kind>archive</kind>
         <file>libsysbm.a</file>
         <name>remove.c.obj</name>
      </input_file>
      <input_file id="fl-f8">
         <path>C:\ti\ccs2031\ccs\tools\compiler\ti-cgt-armllvm_4.0.4.LTS\lib\armv7em-ti-none-eabihf\c\</path>
         <kind>archive</kind>
         <file>libsysbm.a</file>
         <name>open.c.obj</name>
      </input_file>
      <input_file id="fl-f9">
         <path>C:\ti\ccs2031\ccs\tools\compiler\ti-cgt-armllvm_4.0.4.LTS\lib\armv7em-ti-none-eabihf\c\</path>
         <kind>archive</kind>
         <file>libsysbm.a</file>
         <name>lseek.c.obj</name>
      </input_file>
      <input_file id="fl-fa">
         <path>C:\ti\ccs2031\ccs\tools\compiler\ti-cgt-armllvm_4.0.4.LTS\lib\armv7em-ti-none-eabihf\c\</path>
         <kind>archive</kind>
         <file>libsysbm.a</file>
         <name>close.c.obj</name>
      </input_file>
      <input_file id="fl-fb">
         <path>C:\ti\ccs2031\ccs\tools\compiler\ti-cgt-armllvm_4.0.4.LTS\lib\armv7em-ti-none-eabihf\c\</path>
         <kind>archive</kind>
         <file>libsysbm.a</file>
         <name>unlink.c.obj</name>
      </input_file>
      <input_file id="fl-fc">
         <path>C:\ti\ccs2031\ccs\tools\compiler\ti-cgt-armllvm_4.0.4.LTS\lib\armv7em-ti-none-eabihf\c\</path>
         <kind>archive</kind>
         <file>libsysbm.a</file>
         <name>hostclose.c.obj</name>
      </input_file>
      <input_file id="fl-fd">
         <path>C:\ti\ccs2031\ccs\tools\compiler\ti-cgt-armllvm_4.0.4.LTS\lib\armv7em-ti-none-eabihf\c\</path>
         <kind>archive</kind>
         <file>libsysbm.a</file>
         <name>hostlseek.c.obj</name>
      </input_file>
      <input_file id="fl-fe">
         <path>C:\ti\ccs2031\ccs\tools\compiler\ti-cgt-armllvm_4.0.4.LTS\lib\armv7em-ti-none-eabihf\c\</path>
         <kind>archive</kind>
         <file>libsysbm.a</file>
         <name>hostopen.c.obj</name>
      </input_file>
      <input_file id="fl-ff">
         <path>C:\ti\ccs2031\ccs\tools\compiler\ti-cgt-armllvm_4.0.4.LTS\lib\armv7em-ti-none-eabihf\c\</path>
         <kind>archive</kind>
         <file>libsysbm.a</file>
         <name>hostread.c.obj</name>
      </input_file>
      <input_file id="fl-100">
         <path>C:\ti\ccs2031\ccs\tools\compiler\ti-cgt-armllvm_4.0.4.LTS\lib\armv7em-ti-none-eabihf\c\</path>
         <kind>archive</kind>
         <file>libsysbm.a</file>
         <name>hostrename.c.obj</name>
      </input_file>
      <input_file id="fl-101">
         <path>C:\ti\ccs2031\ccs\tools\compiler\ti-cgt-armllvm_4.0.4.LTS\lib\armv7em-ti-none-eabihf\c\</path>
         <kind>archive</kind>
         <file>libsysbm.a</file>
         <name>hostunlink.c.obj</name>
      </input_file>
      <input_file id="fl-102">
         <path>C:\ti\ccs2031\ccs\tools\compiler\ti-cgt-armllvm_4.0.4.LTS\lib\armv7em-ti-none-eabihf\c\</path>
         <kind>archive</kind>
         <file>libsysbm.a</file>
         <name>hostwrite.c.obj</name>
      </input_file>
      <input_file id="fl-103">
         <path>C:\ti\ccs2031\ccs\tools\compiler\ti-cgt-armllvm_4.0.4.LTS\lib\armv7em-ti-none-eabihf\c\</path>
         <kind>archive</kind>
         <file>libsysbm.a</file>
         <name>trgmsg.c.obj</name>
      </input_file>
      <input_file id="fl-104">
         <path>C:\ti\ccs2031\ccs\tools\compiler\ti-cgt-armllvm_4.0.4.LTS\lib\armv7em-ti-none-eabihf\</path>
         <kind>archive</kind>
         <file>libclang_rt.builtins.a</file>
         <name>adddf3.S.obj</name>
      </input_file>
      <input_file id="fl-105">
         <path>C:\ti\ccs2031\ccs\tools\compiler\ti-cgt-armllvm_4.0.4.LTS\lib\armv7em-ti-none-eabihf\</path>
         <kind>archive</kind>
         <file>libclang_rt.builtins.a</file>
         <name>muldf3.S.obj</name>
      </input_file>
      <input_file id="fl-106">
         <path>C:\ti\ccs2031\ccs\tools\compiler\ti-cgt-armllvm_4.0.4.LTS\lib\armv7em-ti-none-eabihf\</path>
         <kind>archive</kind>
         <file>libclang_rt.builtins.a</file>
         <name>divdf3.S.obj</name>
      </input_file>
      <input_file id="fl-107">
         <path>C:\ti\ccs2031\ccs\tools\compiler\ti-cgt-armllvm_4.0.4.LTS\lib\armv7em-ti-none-eabihf\</path>
         <kind>archive</kind>
         <file>libclang_rt.builtins.a</file>
         <name>fixdfsi.S.obj</name>
      </input_file>
      <input_file id="fl-108">
         <path>C:\ti\ccs2031\ccs\tools\compiler\ti-cgt-armllvm_4.0.4.LTS\lib\armv7em-ti-none-eabihf\</path>
         <kind>archive</kind>
         <file>libclang_rt.builtins.a</file>
         <name>floatsidf.S.obj</name>
      </input_file>
      <input_file id="fl-109">
         <path>C:\ti\ccs2031\ccs\tools\compiler\ti-cgt-armllvm_4.0.4.LTS\lib\armv7em-ti-none-eabihf\</path>
         <kind>archive</kind>
         <file>libclang_rt.builtins.a</file>
         <name>aeabi_dcmp.S.obj</name>
      </input_file>
      <input_file id="fl-10a">
         <path>C:\ti\ccs2031\ccs\tools\compiler\ti-cgt-armllvm_4.0.4.LTS\lib\armv7em-ti-none-eabihf\</path>
         <kind>archive</kind>
         <file>libclang_rt.builtins.a</file>
         <name>aeabi_memcpy.S.obj</name>
      </input_file>
      <input_file id="fl-10b">
         <path>C:\ti\ccs2031\ccs\tools\compiler\ti-cgt-armllvm_4.0.4.LTS\lib\armv7em-ti-none-eabihf\</path>
         <kind>archive</kind>
         <file>libclang_rt.builtins.a</file>
         <name>aeabi_memset.S.obj</name>
      </input_file>
      <input_file id="fl-10c">
         <path>C:\ti\ccs2031\ccs\tools\compiler\ti-cgt-armllvm_4.0.4.LTS\lib\armv7em-ti-none-eabihf\</path>
         <kind>archive</kind>
         <file>libclang_rt.builtins.a</file>
         <name>aeabi_uldivmod.S.obj</name>
      </input_file>
      <input_file id="fl-10d">
         <path>C:\ti\ccs2031\ccs\tools\compiler\ti-cgt-armllvm_4.0.4.LTS\lib\armv7em-ti-none-eabihf\</path>
         <kind>archive</kind>
         <file>libclang_rt.builtins.a</file>
         <name>udivmoddi4.S.obj</name>
      </input_file>
      <input_file id="fl-10e">
         <path>C:\ti\ccs2031\ccs\tools\compiler\ti-cgt-armllvm_4.0.4.LTS\lib\armv7em-ti-none-eabihf\</path>
         <kind>archive</kind>
         <file>libclang_rt.builtins.a</file>
         <name>comparedf2.c.obj</name>
      </input_file>
      <input_file id="fl-10f">
         <path>C:\ti\ccs2031\ccs\tools\compiler\ti-cgt-armllvm_4.0.4.LTS\lib\armv7em-ti-none-eabihf\</path>
         <kind>archive</kind>
         <file>libclang_rt.builtins.a</file>
         <name>aeabi_div0.c.obj</name>
      </input_file>
      <input_file id="fl-110">
         <path>C:\ti\ccs2031\ccs\tools\compiler\ti-cgt-armllvm_4.0.4.LTS\lib\armv7em-ti-none-eabihf\c\</path>
         <kind>archive</kind>
         <file>libc.a</file>
         <name>getdevice.c.obj</name>
      </input_file>
      <input_file id="fl-111">
         <path>C:\ti\ccs2031\ccs\tools\compiler\ti-cgt-armllvm_4.0.4.LTS\lib\armv7em-ti-none-eabihf\c\</path>
         <kind>archive</kind>
         <file>libc.a</file>
         <name>strcmp_t2.S.obj</name>
      </input_file>
      <input_file id="fl-112">
         <path>C:\ti\ccs2031\ccs\tools\compiler\ti-cgt-armllvm_4.0.4.LTS\lib\armv7em-ti-none-eabihf\c\</path>
         <kind>archive</kind>
         <file>libc.a</file>
         <name>memcpy_t2.S.obj</name>
      </input_file>
      <input_file id="fl-113">
         <path>C:\ti\ccs2031\ccs\tools\compiler\ti-cgt-armllvm_4.0.4.LTS\lib\armv7em-ti-none-eabihf\c\</path>
         <kind>archive</kind>
         <file>libc.a</file>
         <name>memset_t2.S.obj</name>
      </input_file>
   </input_file_list>
   <object_component_list>
      <object_component id="oc-88">
         <name>.text.game_step</name>
         <load_address>0x0</load_address>
         <readonly>true</readonly>
         <executable>true</executable>
         <run_address>0x0</run_address>
         <size>0x368</size>
         <alignment>0x4</alignment>
         <input_file_ref idref="fl-2"/>
      </object_component>
      <object_component id="oc-13a">
         <name>.text.draw_bars</name>
         <load_address>0x368</load_address>
         <readonly>true</readonly>
         <executable>true</executable>
         <run_address>0x368</run_address>
         <size>0x2e8</size>
         <alignment>0x4</alignment>
         <input_file_ref idref="fl-2"/>
      </object_component>
      <object_component id="oc-1f4">
         <name>.text:__TI_printfi_minimal</name>
         <load_address>0x650</load_address>
         <readonly>true</readonly>
         <executable>true</executable>
         <run_address>0x650</run_address>
         <size>0x25c</size>
         <alignment>0x4</alignment>
         <input_file_ref idref="fl-3c"/>
      </object_component>
      <object_component id="oc-112">
         <name>.text.expf</name>
         <load_address>0x8ac</load_address>
         <readonly>true</readonly>
         <executable>true</executable>
         <run_address>0x8ac</run_address>
         <size>0x1e4</size>
         <alignment>0x4</alignment>
         <input_file_ref idref="fl-2c"/>
      </object_component>
      <object_component id="oc-11f">
         <name>.text.emg_mock_read</name>
         <load_address>0xa90</load_address>
         <readonly>true</readonly>
         <executable>true</executable>
         <run_address>0xa90</run_address>
         <size>0x1b8</size>
         <alignment>0x4</alignment>
         <input_file_ref idref="fl-1"/>
      </object_component>
      <object_component id="oc-7e">
         <name>.text.ssd1351_init</name>
         <load_address>0xc48</load_address>
         <readonly>true</readonly>
         <executable>true</executable>
         <run_address>0xc48</run_address>
         <size>0x1ac</size>
         <alignment>0x2</alignment>
         <input_file_ref idref="fl-6"/>
      </object_component>
      <object_component id="oc-173">
         <name>.text:GPIOPadConfigSet</name>
         <load_address>0xdf4</load_address>
         <readonly>true</readonly>
         <executable>true</executable>
         <run_address>0xdf4</run_address>
         <size>0x16c</size>
         <alignment>0x4</alignment>
         <input_file_ref idref="fl-4f"/>
      </object_component>
      <object_component id="oc-89">
         <name>.text.game_render</name>
         <load_address>0xf60</load_address>
         <readonly>true</readonly>
         <executable>true</executable>
         <run_address>0xf60</run_address>
         <size>0x168</size>
         <alignment>0x2</alignment>
         <input_file_ref idref="fl-2"/>
      </object_component>
      <object_component id="oc-80">
         <name>.text.oled_smoke_test</name>
         <load_address>0x10c8</load_address>
         <readonly>true</readonly>
         <executable>true</executable>
         <run_address>0x10c8</run_address>
         <size>0x124</size>
         <alignment>0x2</alignment>
         <input_file_ref idref="fl-4"/>
      </object_component>
      <object_component id="oc-102">
         <name>.text.ssd1351_draw_rect</name>
         <load_address>0x11ec</load_address>
         <readonly>true</readonly>
         <executable>true</executable>
         <run_address>0x11ec</run_address>
         <size>0x11c</size>
         <alignment>0x2</alignment>
         <input_file_ref idref="fl-6"/>
      </object_component>
      <object_component id="oc-b2">
         <name>.text:SysCtlClockGet</name>
         <load_address>0x1308</load_address>
         <readonly>true</readonly>
         <executable>true</executable>
         <run_address>0x1308</run_address>
         <size>0x118</size>
         <alignment>0x4</alignment>
         <input_file_ref idref="fl-52"/>
      </object_component>
      <object_component id="oc-1eb">
         <name>.text.put_char_scaled</name>
         <load_address>0x1420</load_address>
         <readonly>true</readonly>
         <executable>true</executable>
         <run_address>0x1420</run_address>
         <size>0x10a</size>
         <alignment>0x2</alignment>
         <input_file_ref idref="fl-3"/>
      </object_component>
      <object_component id="oc-6f">
         <name>.text:SysCtlClockSet</name>
         <load_address>0x152c</load_address>
         <readonly>true</readonly>
         <executable>true</executable>
         <run_address>0x152c</run_address>
         <size>0xf4</size>
         <alignment>0x4</alignment>
         <input_file_ref idref="fl-52"/>
      </object_component>
      <object_component id="oc-120">
         <name>.text.process_push</name>
         <load_address>0x1620</load_address>
         <readonly>true</readonly>
         <executable>true</executable>
         <run_address>0x1620</run_address>
         <size>0xb6</size>
         <alignment>0x2</alignment>
         <input_file_ref idref="fl-5"/>
      </object_component>
      <object_component id="oc-131">
         <name>.text.process_get_round_avg</name>
         <load_address>0x16d8</load_address>
         <readonly>true</readonly>
         <executable>true</executable>
         <run_address>0x16d8</run_address>
         <size>0xac</size>
         <alignment>0x4</alignment>
         <input_file_ref idref="fl-5"/>
      </object_component>
      <object_component id="oc-1ae">
         <name>.text.sinf</name>
         <load_address>0x1784</load_address>
         <readonly>true</readonly>
         <executable>true</executable>
         <run_address>0x1784</run_address>
         <size>0x98</size>
         <alignment>0x4</alignment>
         <input_file_ref idref="fl-2e"/>
      </object_component>
      <object_component id="oc-104">
         <name>.text.gfx_header</name>
         <load_address>0x181c</load_address>
         <readonly>true</readonly>
         <executable>true</executable>
         <run_address>0x181c</run_address>
         <size>0x90</size>
         <alignment>0x2</alignment>
         <input_file_ref idref="fl-3"/>
      </object_component>
      <object_component id="oc-19f">
         <name>.text.gfx_text2</name>
         <load_address>0x18ac</load_address>
         <readonly>true</readonly>
         <executable>true</executable>
         <run_address>0x18ac</run_address>
         <size>0x8e</size>
         <alignment>0x2</alignment>
         <input_file_ref idref="fl-3"/>
      </object_component>
      <object_component id="oc-5a">
         <name>.text.main</name>
         <load_address>0x193a</load_address>
         <readonly>true</readonly>
         <executable>true</executable>
         <run_address>0x193a</run_address>
         <size>0x8c</size>
         <alignment>0x2</alignment>
         <input_file_ref idref="fl-4"/>
      </object_component>
      <object_component id="oc-82">
         <name>.text.process_init</name>
         <load_address>0x19c8</load_address>
         <readonly>true</readonly>
         <executable>true</executable>
         <run_address>0x19c8</run_address>
         <size>0x8c</size>
         <alignment>0x4</alignment>
         <input_file_ref idref="fl-5"/>
      </object_component>
      <object_component id="oc-11d">
         <name>.text.emg_mock_set_level</name>
         <load_address>0x1a54</load_address>
         <readonly>true</readonly>
         <executable>true</executable>
         <run_address>0x1a54</run_address>
         <size>0x8a</size>
         <alignment>0x2</alignment>
         <input_file_ref idref="fl-1"/>
      </object_component>
      <object_component id="oc-19d">
         <name>.text._hdr_text_width_px</name>
         <load_address>0x1ade</load_address>
         <readonly>true</readonly>
         <executable>true</executable>
         <run_address>0x1ade</run_address>
         <size>0x82</size>
         <alignment>0x2</alignment>
         <input_file_ref idref="fl-3"/>
      </object_component>
      <object_component id="oc-15">
         <name>.text:decompress:lzss</name>
         <load_address>0x1b60</load_address>
         <readonly>true</readonly>
         <executable>true</executable>
         <run_address>0x1b60</run_address>
         <size>0x74</size>
         <alignment>0x2</alignment>
         <input_file_ref idref="fl-3b"/>
      </object_component>
      <object_component id="oc-19c">
         <name>.text.ssd1351_set_window</name>
         <load_address>0x1bd4</load_address>
         <readonly>true</readonly>
         <executable>true</executable>
         <run_address>0x1bd4</run_address>
         <size>0x72</size>
         <alignment>0x2</alignment>
         <input_file_ref idref="fl-6"/>
      </object_component>
      <object_component id="oc-19e">
         <name>.text.gfx_clear_header_band</name>
         <load_address>0x1c46</load_address>
         <readonly>true</readonly>
         <executable>true</executable>
         <run_address>0x1c46</run_address>
         <size>0x6c</size>
         <alignment>0x2</alignment>
         <input_file_ref idref="fl-3"/>
      </object_component>
      <object_component id="oc-86">
         <name>.text.delay_ms</name>
         <load_address>0x1cb2</load_address>
         <readonly>true</readonly>
         <executable>true</executable>
         <run_address>0x1cb2</run_address>
         <size>0x62</size>
         <alignment>0x2</alignment>
         <input_file_ref idref="fl-8"/>
      </object_component>
      <object_component id="oc-19b">
         <name>.text.ssi_send8</name>
         <load_address>0x1d14</load_address>
         <readonly>true</readonly>
         <executable>true</executable>
         <run_address>0x1d14</run_address>
         <size>0x5a</size>
         <alignment>0x2</alignment>
         <input_file_ref idref="fl-6"/>
      </object_component>
      <object_component id="oc-12e">
         <name>.text.process_accumulate_round</name>
         <load_address>0x1d6e</load_address>
         <readonly>true</readonly>
         <executable>true</executable>
         <run_address>0x1d6e</run_address>
         <size>0x56</size>
         <alignment>0x2</alignment>
         <input_file_ref idref="fl-5"/>
      </object_component>
      <object_component id="oc-83">
         <name>.text.game_init</name>
         <load_address>0x1dc4</load_address>
         <readonly>true</readonly>
         <executable>true</executable>
         <run_address>0x1dc4</run_address>
         <size>0x50</size>
         <alignment>0x4</alignment>
         <input_file_ref idref="fl-2"/>
      </object_component>
      <object_component id="oc-100">
         <name>.text.write_cmdN</name>
         <load_address>0x1e14</load_address>
         <readonly>true</readonly>
         <executable>true</executable>
         <run_address>0x1e14</run_address>
         <size>0x4c</size>
         <alignment>0x2</alignment>
         <input_file_ref idref="fl-6"/>
      </object_component>
      <object_component id="oc-e8">
         <name>.text:GPIOPinConfigure</name>
         <load_address>0x1e60</load_address>
         <readonly>true</readonly>
         <executable>true</executable>
         <run_address>0x1e60</run_address>
         <size>0x4c</size>
         <alignment>0x4</alignment>
         <input_file_ref idref="fl-4f"/>
      </object_component>
      <object_component id="oc-13c">
         <name>.text.snprintf</name>
         <load_address>0x1eac</load_address>
         <readonly>true</readonly>
         <executable>true</executable>
         <run_address>0x1eac</run_address>
         <size>0x44</size>
         <alignment>0x4</alignment>
         <input_file_ref idref="fl-2f"/>
      </object_component>
      <object_component id="oc-f6">
         <name>.text._ssi_set</name>
         <load_address>0x1ef0</load_address>
         <readonly>true</readonly>
         <executable>true</executable>
         <run_address>0x1ef0</run_address>
         <size>0x40</size>
         <alignment>0x2</alignment>
         <input_file_ref idref="fl-6"/>
      </object_component>
      <object_component id="oc-1b5">
         <name>.text.gfx_bar</name>
         <load_address>0x1f30</load_address>
         <readonly>true</readonly>
         <executable>true</executable>
         <run_address>0x1f30</run_address>
         <size>0x3e</size>
         <alignment>0x2</alignment>
         <input_file_ref idref="fl-3"/>
      </object_component>
      <object_component id="oc-1ab">
         <name>.text.frand</name>
         <load_address>0x1f70</load_address>
         <readonly>true</readonly>
         <executable>true</executable>
         <run_address>0x1f70</run_address>
         <size>0x3c</size>
         <alignment>0x4</alignment>
         <input_file_ref idref="fl-1"/>
      </object_component>
      <object_component id="oc-18c">
         <name>.text:SSIConfigSetExpClk</name>
         <load_address>0x1fac</load_address>
         <readonly>true</readonly>
         <executable>true</executable>
         <run_address>0x1fac</run_address>
         <size>0x3c</size>
         <alignment>0x2</alignment>
         <input_file_ref idref="fl-51"/>
      </object_component>
      <object_component id="oc-7d">
         <name>.text.led_blink</name>
         <load_address>0x1fe8</load_address>
         <readonly>true</readonly>
         <executable>true</executable>
         <run_address>0x1fe8</run_address>
         <size>0x3a</size>
         <alignment>0x2</alignment>
         <input_file_ref idref="fl-4"/>
      </object_component>
      <object_component id="oc-dc">
         <name>.text:SysCtlPeripheralReady</name>
         <load_address>0x2024</load_address>
         <readonly>true</readonly>
         <executable>true</executable>
         <run_address>0x2024</run_address>
         <size>0x38</size>
         <alignment>0x4</alignment>
         <input_file_ref idref="fl-52"/>
      </object_component>
      <object_component id="oc-91">
         <name>.text:__TI_auto_init_nobinit_nopinit</name>
         <load_address>0x205c</load_address>
         <readonly>true</readonly>
         <executable>true</executable>
         <run_address>0x205c</run_address>
         <size>0x38</size>
         <alignment>0x4</alignment>
         <input_file_ref idref="fl-36"/>
      </object_component>
      <object_component id="oc-202">
         <name>.text.draw_pixel_run</name>
         <load_address>0x2094</load_address>
         <readonly>true</readonly>
         <executable>true</executable>
         <run_address>0x2094</run_address>
         <size>0x34</size>
         <alignment>0x2</alignment>
         <input_file_ref idref="fl-3"/>
      </object_component>
      <object_component id="oc-d6">
         <name>.text:SysCtlPeripheralEnable</name>
         <load_address>0x20c8</load_address>
         <readonly>true</readonly>
         <executable>true</executable>
         <run_address>0x20c8</run_address>
         <size>0x34</size>
         <alignment>0x4</alignment>
         <input_file_ref idref="fl-52"/>
      </object_component>
      <object_component id="oc-46">
         <name>.text:_c_int00_noargs</name>
         <load_address>0x20fc</load_address>
         <readonly>true</readonly>
         <executable>true</executable>
         <run_address>0x20fc</run_address>
         <size>0x34</size>
         <alignment>0x4</alignment>
         <input_file_ref idref="fl-34"/>
      </object_component>
      <object_component id="oc-11a">
         <name>.text.gfx_text</name>
         <load_address>0x2130</load_address>
         <readonly>true</readonly>
         <executable>true</executable>
         <run_address>0x2130</run_address>
         <size>0x32</size>
         <alignment>0x2</alignment>
         <input_file_ref idref="fl-3"/>
      </object_component>
      <object_component id="oc-7c">
         <name>.text.led_init</name>
         <load_address>0x2162</load_address>
         <readonly>true</readonly>
         <executable>true</executable>
         <run_address>0x2162</run_address>
         <size>0x32</size>
         <alignment>0x2</alignment>
         <input_file_ref idref="fl-4"/>
      </object_component>
      <object_component id="oc-1b7">
         <name>.text._outs</name>
         <load_address>0x2194</load_address>
         <readonly>true</readonly>
         <executable>true</executable>
         <run_address>0x2194</run_address>
         <size>0x30</size>
         <alignment>0x2</alignment>
         <input_file_ref idref="fl-2f"/>
      </object_component>
      <object_component id="oc-fe">
         <name>.text.write_cmd1</name>
         <load_address>0x21c4</load_address>
         <readonly>true</readonly>
         <executable>true</executable>
         <run_address>0x21c4</run_address>
         <size>0x30</size>
         <alignment>0x2</alignment>
         <input_file_ref idref="fl-6"/>
      </object_component>
      <object_component id="oc-fd">
         <name>.text.bw_delay_ms</name>
         <load_address>0x21f4</load_address>
         <readonly>true</readonly>
         <executable>true</executable>
         <run_address>0x21f4</run_address>
         <size>0x2e</size>
         <alignment>0x2</alignment>
         <input_file_ref idref="fl-6"/>
      </object_component>
      <object_component id="oc-81">
         <name>.text.emg_mock_init</name>
         <load_address>0x2222</load_address>
         <readonly>true</readonly>
         <executable>true</executable>
         <run_address>0x2222</run_address>
         <size>0x2c</size>
         <alignment>0x2</alignment>
         <input_file_ref idref="fl-1"/>
      </object_component>
      <object_component id="oc-179">
         <name>.text:GPIODirModeSet</name>
         <load_address>0x224e</load_address>
         <readonly>true</readonly>
         <executable>true</executable>
         <run_address>0x224e</run_address>
         <size>0x2c</size>
         <alignment>0x2</alignment>
         <input_file_ref idref="fl-4f"/>
      </object_component>
      <object_component id="oc-11c">
         <name>.text.set_state</name>
         <load_address>0x227a</load_address>
         <readonly>true</readonly>
         <executable>true</executable>
         <run_address>0x227a</run_address>
         <size>0x28</size>
         <alignment>0x2</alignment>
         <input_file_ref idref="fl-2"/>
      </object_component>
      <object_component id="oc-205">
         <name>.text.memccpy</name>
         <load_address>0x22a2</load_address>
         <readonly>true</readonly>
         <executable>true</executable>
         <run_address>0x22a2</run_address>
         <size>0x22</size>
         <alignment>0x2</alignment>
         <input_file_ref idref="fl-47"/>
      </object_component>
      <object_component id="oc-12a">
         <name>.text.process_reset_round</name>
         <load_address>0x22c4</load_address>
         <readonly>true</readonly>
         <executable>true</executable>
         <run_address>0x22c4</run_address>
         <size>0x22</size>
         <alignment>0x2</alignment>
         <input_file_ref idref="fl-5"/>
      </object_component>
      <object_component id="oc-75">
         <name>.text.timer_init</name>
         <load_address>0x22e6</load_address>
         <readonly>true</readonly>
         <executable>true</executable>
         <run_address>0x22e6</run_address>
         <size>0x22</size>
         <alignment>0x2</alignment>
         <input_file_ref idref="fl-8"/>
      </object_component>
      <object_component id="oc-7f">
         <name>.text.gfx_clear</name>
         <load_address>0x2308</load_address>
         <readonly>true</readonly>
         <executable>true</executable>
         <run_address>0x2308</run_address>
         <size>0x20</size>
         <alignment>0x2</alignment>
         <input_file_ref idref="fl-3"/>
      </object_component>
      <object_component id="oc-101">
         <name>.text.ssd1351_fill</name>
         <load_address>0x2328</load_address>
         <readonly>true</readonly>
         <executable>true</executable>
         <run_address>0x2328</run_address>
         <size>0x20</size>
         <alignment>0x2</alignment>
         <input_file_ref idref="fl-6"/>
      </object_component>
      <object_component id="oc-ff">
         <name>.text.write_cmd</name>
         <load_address>0x2348</load_address>
         <readonly>true</readonly>
         <executable>true</executable>
         <run_address>0x2348</run_address>
         <size>0x20</size>
         <alignment>0x2</alignment>
         <input_file_ref idref="fl-6"/>
      </object_component>
      <object_component id="oc-e2">
         <name>.text:GPIOPinTypeGPIOOutput</name>
         <load_address>0x2368</load_address>
         <readonly>true</readonly>
         <executable>true</executable>
         <run_address>0x2368</run_address>
         <size>0x1a</size>
         <alignment>0x2</alignment>
         <input_file_ref idref="fl-4f"/>
      </object_component>
      <object_component id="oc-1b8">
         <name>.text._outc</name>
         <load_address>0x2382</load_address>
         <readonly>true</readonly>
         <executable>true</executable>
         <run_address>0x2382</run_address>
         <size>0x18</size>
         <alignment>0x2</alignment>
         <input_file_ref idref="fl-2f"/>
      </object_component>
      <object_component id="oc-ee">
         <name>.text:GPIOPinTypeSSI</name>
         <load_address>0x239a</load_address>
         <readonly>true</readonly>
         <executable>true</executable>
         <run_address>0x239a</run_address>
         <size>0x16</size>
         <alignment>0x2</alignment>
         <input_file_ref idref="fl-4f"/>
      </object_component>
      <object_component id="oc-19a">
         <name>.text.dc_cmd</name>
         <load_address>0x23b0</load_address>
         <readonly>true</readonly>
         <executable>true</executable>
         <run_address>0x23b0</run_address>
         <size>0x14</size>
         <alignment>0x2</alignment>
         <input_file_ref idref="fl-6"/>
      </object_component>
      <object_component id="oc-f5">
         <name>.text.dc_dat</name>
         <load_address>0x23c4</load_address>
         <readonly>true</readonly>
         <executable>true</executable>
         <run_address>0x23c4</run_address>
         <size>0x14</size>
         <alignment>0x2</alignment>
         <input_file_ref idref="fl-6"/>
      </object_component>
      <object_component id="oc-87">
         <name>.text.led_off</name>
         <load_address>0x23d8</load_address>
         <readonly>true</readonly>
         <executable>true</executable>
         <run_address>0x23d8</run_address>
         <size>0x14</size>
         <alignment>0x2</alignment>
         <input_file_ref idref="fl-4"/>
      </object_component>
      <object_component id="oc-85">
         <name>.text.led_on</name>
         <load_address>0x23ec</load_address>
         <readonly>true</readonly>
         <executable>true</executable>
         <run_address>0x23ec</run_address>
         <size>0x14</size>
         <alignment>0x2</alignment>
         <input_file_ref idref="fl-4"/>
      </object_component>
      <object_component id="oc-c4">
         <name>.text:SysTickEnable</name>
         <load_address>0x2400</load_address>
         <readonly>true</readonly>
         <executable>true</executable>
         <run_address>0x2400</run_address>
         <size>0x14</size>
         <alignment>0x4</alignment>
         <input_file_ref idref="fl-53"/>
      </object_component>
      <object_component id="oc-be">
         <name>.text:SysTickIntEnable</name>
         <load_address>0x2414</load_address>
         <readonly>true</readonly>
         <executable>true</executable>
         <run_address>0x2414</run_address>
         <size>0x14</size>
         <alignment>0x4</alignment>
         <input_file_ref idref="fl-53"/>
      </object_component>
      <object_component id="oc-1e5">
         <name>.text:SSIDataGetNonBlocking</name>
         <load_address>0x2428</load_address>
         <readonly>true</readonly>
         <executable>true</executable>
         <run_address>0x2428</run_address>
         <size>0x12</size>
         <alignment>0x2</alignment>
         <input_file_ref idref="fl-51"/>
      </object_component>
      <object_component id="oc-65">
         <name>.text:TI_memcpy_small</name>
         <load_address>0x243a</load_address>
         <readonly>true</readonly>
         <executable>true</executable>
         <run_address>0x243a</run_address>
         <size>0x12</size>
         <alignment>0x1</alignment>
         <input_file_ref idref="fl-112"/>
      </object_component>
      <object_component id="oc-f4">
         <name>.text.cs_high</name>
         <load_address>0x244c</load_address>
         <readonly>true</readonly>
         <executable>true</executable>
         <run_address>0x244c</run_address>
         <size>0x10</size>
         <alignment>0x2</alignment>
         <input_file_ref idref="fl-6"/>
      </object_component>
      <object_component id="oc-199">
         <name>.text.cs_low</name>
         <load_address>0x245c</load_address>
         <readonly>true</readonly>
         <executable>true</executable>
         <run_address>0x245c</run_address>
         <size>0x10</size>
         <alignment>0x2</alignment>
         <input_file_ref idref="fl-6"/>
      </object_component>
      <object_component id="oc-76">
         <name>.text:IntMasterEnable</name>
         <load_address>0x246c</load_address>
         <readonly>true</readonly>
         <executable>true</executable>
         <run_address>0x246c</run_address>
         <size>0x10</size>
         <alignment>0x2</alignment>
         <input_file_ref idref="fl-50"/>
      </object_component>
      <object_component id="oc-b8">
         <name>.text:SysTickPeriodSet</name>
         <load_address>0x247c</load_address>
         <readonly>true</readonly>
         <executable>true</executable>
         <run_address>0x247c</run_address>
         <size>0x10</size>
         <alignment>0x4</alignment>
         <input_file_ref idref="fl-53"/>
      </object_component>
      <object_component id="oc-12c">
         <name>.text.process_envA</name>
         <load_address>0x248c</load_address>
         <readonly>true</readonly>
         <executable>true</executable>
         <run_address>0x248c</run_address>
         <size>0xe</size>
         <alignment>0x2</alignment>
         <input_file_ref idref="fl-5"/>
      </object_component>
      <object_component id="oc-12d">
         <name>.text.process_envB</name>
         <load_address>0x249a</load_address>
         <readonly>true</readonly>
         <executable>true</executable>
         <run_address>0x249a</run_address>
         <size>0xe</size>
         <alignment>0x2</alignment>
         <input_file_ref idref="fl-5"/>
      </object_component>
      <object_component id="oc-203">
         <name>.text.strlen</name>
         <load_address>0x24a8</load_address>
         <readonly>true</readonly>
         <executable>true</executable>
         <run_address>0x24a8</run_address>
         <size>0xe</size>
         <alignment>0x2</alignment>
         <input_file_ref idref="fl-3c"/>
      </object_component>
      <object_component id="oc-a4">
         <name>.text:TI_memset_small</name>
         <load_address>0x24b6</load_address>
         <readonly>true</readonly>
         <executable>true</executable>
         <run_address>0x24b6</run_address>
         <size>0xe</size>
         <alignment>0x1</alignment>
         <input_file_ref idref="fl-113"/>
      </object_component>
      <object_component id="oc-19">
         <name>.text:decompress:none</name>
         <load_address>0x24c4</load_address>
         <readonly>true</readonly>
         <executable>true</executable>
         <run_address>0x24c4</run_address>
         <size>0xe</size>
         <alignment>0x2</alignment>
         <input_file_ref idref="fl-3a"/>
      </object_component>
      <object_component id="oc-84">
         <name>.text.millis</name>
         <load_address>0x24d2</load_address>
         <readonly>true</readonly>
         <executable>true</executable>
         <run_address>0x24d2</run_address>
         <size>0xc</size>
         <alignment>0x2</alignment>
         <input_file_ref idref="fl-8"/>
      </object_component>
      <object_component id="oc-ca">
         <name>.text:CPUcpsie</name>
         <load_address>0x24de</load_address>
         <readonly>true</readonly>
         <executable>true</executable>
         <run_address>0x24de</run_address>
         <size>0xc</size>
         <alignment>0x2</alignment>
         <input_file_ref idref="fl-54"/>
      </object_component>
      <object_component id="oc-204">
         <name>.text.__aeabi_memset</name>
         <load_address>0x24ec</load_address>
         <readonly>true</readonly>
         <executable>true</executable>
         <run_address>0x24ec</run_address>
         <size>0xa</size>
         <alignment>0x4</alignment>
         <input_file_ref idref="fl-10b"/>
      </object_component>
      <object_component id="oc-1df">
         <name>.text:SSIDataPut</name>
         <load_address>0x24f6</load_address>
         <readonly>true</readonly>
         <executable>true</executable>
         <run_address>0x24f6</run_address>
         <size>0xa</size>
         <alignment>0x2</alignment>
         <input_file_ref idref="fl-51"/>
      </object_component>
      <object_component id="oc-186">
         <name>.text:SSIDisable</name>
         <load_address>0x2500</load_address>
         <readonly>true</readonly>
         <executable>true</executable>
         <run_address>0x2500</run_address>
         <size>0xa</size>
         <alignment>0x2</alignment>
         <input_file_ref idref="fl-51"/>
      </object_component>
      <object_component id="oc-192">
         <name>.text:SSIEnable</name>
         <load_address>0x250a</load_address>
         <readonly>true</readonly>
         <executable>true</executable>
         <run_address>0x250a</run_address>
         <size>0xa</size>
         <alignment>0x2</alignment>
         <input_file_ref idref="fl-51"/>
      </object_component>
      <object_component id="oc-1a0">
         <name>.text.__aeabi_errno_addr</name>
         <load_address>0x2514</load_address>
         <readonly>true</readonly>
         <executable>true</executable>
         <run_address>0x2514</run_address>
         <size>0x8</size>
         <alignment>0x4</alignment>
         <input_file_ref idref="fl-30"/>
      </object_component>
      <object_component id="oc-1d9">
         <name>.text:SSIBusy</name>
         <load_address>0x251c</load_address>
         <readonly>true</readonly>
         <executable>true</executable>
         <run_address>0x251c</run_address>
         <size>0x8</size>
         <alignment>0x2</alignment>
         <input_file_ref idref="fl-51"/>
      </object_component>
      <object_component id="oc-29">
         <name>.text.ResetISR</name>
         <load_address>0x2524</load_address>
         <readonly>true</readonly>
         <executable>true</executable>
         <run_address>0x2524</run_address>
         <size>0x6</size>
         <alignment>0x2</alignment>
         <input_file_ref idref="fl-7"/>
      </object_component>
      <object_component id="oc-f7">
         <name>.text:GPIOPinWrite</name>
         <load_address>0x252a</load_address>
         <readonly>true</readonly>
         <executable>true</executable>
         <run_address>0x252a</run_address>
         <size>0x6</size>
         <alignment>0x2</alignment>
         <input_file_ref idref="fl-4f"/>
      </object_component>
      <object_component id="oc-aa">
         <name>.text:SysCtlDelay</name>
         <load_address>0x2530</load_address>
         <readonly>true</readonly>
         <executable>true</executable>
         <run_address>0x2530</run_address>
         <size>0x6</size>
         <alignment>0x2</alignment>
         <input_file_ref idref="fl-52"/>
      </object_component>
      <object_component id="oc-8a">
         <name>.text:abort</name>
         <load_address>0x2536</load_address>
         <readonly>true</readonly>
         <executable>true</executable>
         <run_address>0x2536</run_address>
         <size>0x6</size>
         <alignment>0x2</alignment>
         <input_file_ref idref="fl-42"/>
      </object_component>
      <object_component id="oc-2b">
         <name>.text.FaultISR</name>
         <load_address>0x253c</load_address>
         <readonly>true</readonly>
         <executable>true</executable>
         <run_address>0x253c</run_address>
         <size>0x4</size>
         <alignment>0x2</alignment>
         <input_file_ref idref="fl-7"/>
      </object_component>
      <object_component id="oc-142">
         <name>.text.HOSTexit</name>
         <load_address>0x2540</load_address>
         <readonly>true</readonly>
         <executable>true</executable>
         <run_address>0x2540</run_address>
         <size>0x4</size>
         <alignment>0x2</alignment>
         <input_file_ref idref="fl-f4"/>
      </object_component>
      <object_component id="oc-2c">
         <name>.text.IntDefaultHandler</name>
         <load_address>0x2544</load_address>
         <readonly>true</readonly>
         <executable>true</executable>
         <run_address>0x2544</run_address>
         <size>0x4</size>
         <alignment>0x2</alignment>
         <input_file_ref idref="fl-7"/>
      </object_component>
      <object_component id="oc-2a">
         <name>.text.NmiSR</name>
         <load_address>0x2548</load_address>
         <readonly>true</readonly>
         <executable>true</executable>
         <run_address>0x2548</run_address>
         <size>0x4</size>
         <alignment>0x2</alignment>
         <input_file_ref idref="fl-7"/>
      </object_component>
      <object_component id="oc-36">
         <name>.text.__aeabi_memcpy</name>
         <load_address>0x254c</load_address>
         <readonly>true</readonly>
         <executable>true</executable>
         <run_address>0x254c</run_address>
         <size>0x4</size>
         <alignment>0x4</alignment>
         <input_file_ref idref="fl-10a"/>
      </object_component>
      <object_component id="oc-56">
         <name>.text._system_pre_init</name>
         <load_address>0x2550</load_address>
         <readonly>true</readonly>
         <executable>true</executable>
         <run_address>0x2550</run_address>
         <size>0x4</size>
         <alignment>0x2</alignment>
         <input_file_ref idref="fl-37"/>
      </object_component>
      <object_component id="oc-181">
         <name>.const:g_pui32GPIOBaseAddrs</name>
         <load_address>0x2554</load_address>
         <readonly>true</readonly>
         <run_address>0x2554</run_address>
         <size>0x90</size>
         <alignment>0x4</alignment>
         <input_file_ref idref="fl-4f"/>
      </object_component>
      <object_component id="oc-168">
         <name>.const:g_pui32Xtals</name>
         <load_address>0x25e4</load_address>
         <readonly>true</readonly>
         <run_address>0x25e4</run_address>
         <size>0x6c</size>
         <alignment>0x4</alignment>
         <input_file_ref idref="fl-52"/>
      </object_component>
      <object_component id="oc-2b7">
         <name>.cinit..data.load</name>
         <load_address>0x2b90</load_address>
         <readonly>true</readonly>
         <run_address>0x2b90</run_address>
         <size>0x27</size>
         <alignment>0x1</alignment>
      </object_component>
      <object_component id="oc-2b5">
         <name>__TI_handler_table</name>
         <load_address>0x2bb8</load_address>
         <readonly>true</readonly>
         <run_address>0x2bb8</run_address>
         <size>0x8</size>
         <alignment>0x4</alignment>
      </object_component>
      <object_component id="oc-2b6">
         <name>__TI_cinit_table</name>
         <load_address>0x2bc0</load_address>
         <readonly>true</readonly>
         <run_address>0x2bc0</run_address>
         <size>0x8</size>
         <alignment>0x4</alignment>
      </object_component>
      <object_component id="oc-10f">
         <name>.data.g_interval_ms</name>
         <load_address>0x20000120</load_address>
         <readwrite>true</readwrite>
         <run_address>0x20000120</run_address>
         <size>0x4</size>
         <alignment>0x4</alignment>
         <input_file_ref idref="fl-1"/>
      </object_component>
      <object_component id="oc-110">
         <name>.data.g_last_ms</name>
         <load_address>0x20000124</load_address>
         <readwrite>true</readwrite>
         <run_address>0x20000124</run_address>
         <size>0x4</size>
         <alignment>0x4</alignment>
         <input_file_ref idref="fl-1"/>
      </object_component>
      <object_component id="oc-1a9">
         <name>.data.g_levelA</name>
         <load_address>0x20000128</load_address>
         <readwrite>true</readwrite>
         <run_address>0x20000128</run_address>
         <size>0x4</size>
         <alignment>0x4</alignment>
         <input_file_ref idref="fl-1"/>
      </object_component>
      <object_component id="oc-1aa">
         <name>.data.g_levelB</name>
         <load_address>0x2000012c</load_address>
         <readwrite>true</readwrite>
         <run_address>0x2000012c</run_address>
         <size>0x4</size>
         <alignment>0x4</alignment>
         <input_file_ref idref="fl-1"/>
      </object_component>
      <object_component id="oc-1ac">
         <name>.data.phaseA</name>
         <load_address>0x2000013c</load_address>
         <readwrite>true</readwrite>
         <run_address>0x2000013c</run_address>
         <size>0x4</size>
         <alignment>0x4</alignment>
         <input_file_ref idref="fl-1"/>
      </object_component>
      <object_component id="oc-1ad">
         <name>.data.phaseB</name>
         <load_address>0x20000140</load_address>
         <readwrite>true</readwrite>
         <run_address>0x20000140</run_address>
         <size>0x4</size>
         <alignment>0x4</alignment>
         <input_file_ref idref="fl-1"/>
      </object_component>
      <object_component id="oc-1f0">
         <name>.data.rng</name>
         <load_address>0x20000150</load_address>
         <readwrite>true</readwrite>
         <run_address>0x20000150</run_address>
         <size>0x4</size>
         <alignment>0x4</alignment>
         <input_file_ref idref="fl-1"/>
      </object_component>
      <object_component id="oc-121">
         <name>.data.s</name>
         <load_address>0x2000016c</load_address>
         <readwrite>true</readwrite>
         <run_address>0x2000016c</run_address>
         <size>0x1</size>
         <alignment>0x1</alignment>
         <input_file_ref idref="fl-2"/>
      </object_component>
      <object_component id="oc-122">
         <name>.data.t_state_ms</name>
         <load_address>0x20000160</load_address>
         <readwrite>true</readwrite>
         <run_address>0x20000160</run_address>
         <size>0x4</size>
         <alignment>0x4</alignment>
         <input_file_ref idref="fl-2"/>
      </object_component>
      <object_component id="oc-123">
         <name>.data.mA</name>
         <load_address>0x20000134</load_address>
         <readwrite>true</readwrite>
         <run_address>0x20000134</run_address>
         <size>0x4</size>
         <alignment>0x4</alignment>
         <input_file_ref idref="fl-2"/>
      </object_component>
      <object_component id="oc-124">
         <name>.data.sA</name>
         <load_address>0x20000154</load_address>
         <readwrite>true</readwrite>
         <run_address>0x20000154</run_address>
         <size>0x4</size>
         <alignment>0x4</alignment>
         <input_file_ref idref="fl-2"/>
      </object_component>
      <object_component id="oc-125">
         <name>.data.mB</name>
         <load_address>0x20000138</load_address>
         <readwrite>true</readwrite>
         <run_address>0x20000138</run_address>
         <size>0x4</size>
         <alignment>0x4</alignment>
         <input_file_ref idref="fl-2"/>
      </object_component>
      <object_component id="oc-126">
         <name>.data.sB</name>
         <load_address>0x20000158</load_address>
         <readwrite>true</readwrite>
         <run_address>0x20000158</run_address>
         <size>0x4</size>
         <alignment>0x4</alignment>
         <input_file_ref idref="fl-2"/>
      </object_component>
      <object_component id="oc-127">
         <name>.data.thrA</name>
         <load_address>0x20000164</load_address>
         <readwrite>true</readwrite>
         <run_address>0x20000164</run_address>
         <size>0x4</size>
         <alignment>0x4</alignment>
         <input_file_ref idref="fl-2"/>
      </object_component>
      <object_component id="oc-128">
         <name>.data.thrB</name>
         <load_address>0x20000168</load_address>
         <readwrite>true</readwrite>
         <run_address>0x20000168</run_address>
         <size>0x4</size>
         <alignment>0x4</alignment>
         <input_file_ref idref="fl-2"/>
      </object_component>
      <object_component id="oc-129">
         <name>.data.demo_cycle</name>
         <load_address>0x20000110</load_address>
         <readwrite>true</readwrite>
         <run_address>0x20000110</run_address>
         <size>0x4</size>
         <alignment>0x4</alignment>
         <input_file_ref idref="fl-2"/>
      </object_component>
      <object_component id="oc-12b">
         <name>.data.t_round_ms</name>
         <load_address>0x2000015c</load_address>
         <readwrite>true</readwrite>
         <run_address>0x2000015c</run_address>
         <size>0x4</size>
         <alignment>0x4</alignment>
         <input_file_ref idref="fl-2"/>
      </object_component>
      <object_component id="oc-12f">
         <name>.data.avgA</name>
         <load_address>0x20000108</load_address>
         <readwrite>true</readwrite>
         <run_address>0x20000108</run_address>
         <size>0x4</size>
         <alignment>0x4</alignment>
         <input_file_ref idref="fl-2"/>
      </object_component>
      <object_component id="oc-130">
         <name>.data.avgB</name>
         <load_address>0x2000010c</load_address>
         <readwrite>true</readwrite>
         <run_address>0x2000010c</run_address>
         <size>0x4</size>
         <alignment>0x4</alignment>
         <input_file_ref idref="fl-2"/>
      </object_component>
      <object_component id="oc-132">
         <name>.data.tie</name>
         <load_address>0x2000016d</load_address>
         <readwrite>true</readwrite>
         <run_address>0x2000016d</run_address>
         <size>0x1</size>
         <alignment>0x1</alignment>
         <input_file_ref idref="fl-2"/>
      </object_component>
      <object_component id="oc-133">
         <name>.data.winnerA</name>
         <load_address>0x2000016e</load_address>
         <readwrite>true</readwrite>
         <run_address>0x2000016e</run_address>
         <size>0x1</size>
         <alignment>0x1</alignment>
         <input_file_ref idref="fl-2"/>
      </object_component>
      <object_component id="oc-111">
         <name>.data.fs</name>
         <load_address>0x2000011c</load_address>
         <readwrite>true</readwrite>
         <run_address>0x2000011c</run_address>
         <size>0x4</size>
         <alignment>0x4</alignment>
         <input_file_ref idref="fl-5"/>
      </object_component>
      <object_component id="oc-116">
         <name>.data.alpha</name>
         <load_address>0x20000104</load_address>
         <readwrite>true</readwrite>
         <run_address>0x20000104</run_address>
         <size>0x4</size>
         <alignment>0x4</alignment>
         <input_file_ref idref="fl-5"/>
      </object_component>
      <object_component id="oc-117">
         <name>.data.envB</name>
         <load_address>0x20000118</load_address>
         <readwrite>true</readwrite>
         <run_address>0x20000118</run_address>
         <size>0x4</size>
         <alignment>0x4</alignment>
         <input_file_ref idref="fl-5"/>
      </object_component>
      <object_component id="oc-118">
         <name>.data.envA</name>
         <load_address>0x20000114</load_address>
         <readwrite>true</readwrite>
         <run_address>0x20000114</run_address>
         <size>0x4</size>
         <alignment>0x4</alignment>
         <input_file_ref idref="fl-5"/>
      </object_component>
      <object_component id="oc-1b2">
         <name>.data.r_sumB</name>
         <load_address>0x2000014c</load_address>
         <readwrite>true</readwrite>
         <run_address>0x2000014c</run_address>
         <size>0x4</size>
         <alignment>0x4</alignment>
         <input_file_ref idref="fl-5"/>
      </object_component>
      <object_component id="oc-1b3">
         <name>.data.r_sumA</name>
         <load_address>0x20000148</load_address>
         <readwrite>true</readwrite>
         <run_address>0x20000148</run_address>
         <size>0x4</size>
         <alignment>0x4</alignment>
         <input_file_ref idref="fl-5"/>
      </object_component>
      <object_component id="oc-1b4">
         <name>.data.r_cnt</name>
         <load_address>0x20000144</load_address>
         <readwrite>true</readwrite>
         <run_address>0x20000144</run_address>
         <size>0x4</size>
         <alignment>0x4</alignment>
         <input_file_ref idref="fl-5"/>
      </object_component>
      <object_component id="oc-11e">
         <name>.data.g_ms</name>
         <load_address>0x20000130</load_address>
         <readwrite>true</readwrite>
         <run_address>0x20000130</run_address>
         <size>0x4</size>
         <alignment>0x4</alignment>
         <input_file_ref idref="fl-8"/>
      </object_component>
      <object_component id="oc-1ec">
         <name>.data.__aeabi_errno</name>
         <load_address>0x20000100</load_address>
         <readwrite>true</readwrite>
         <run_address>0x20000100</run_address>
         <size>0x4</size>
         <alignment>0x4</alignment>
         <input_file_ref idref="fl-30"/>
      </object_component>
      <object_component id="oc-13">
         <name>.stack</name>
         <uninitialized>true</uninitialized>
         <readwrite>true</readwrite>
         <run_address>0x20000000</run_address>
         <size>0x4</size>
         <alignment>0x4</alignment>
         <input_file_ref idref="fl-34"/>
      </object_component>
      <object_component id="oc-2b9">
         <name>.stack</name>
         <uninitialized>true</uninitialized>
         <readwrite>true</readwrite>
         <run_address>0x20000000</run_address>
         <size>0x0</size>
         <alignment>0x8</alignment>
      </object_component>
      <object_component id="oc-12">
         <name>.rodata.g_pfnVectors</name>
         <load_address>0x2650</load_address>
         <readonly>true</readonly>
         <run_address>0x2650</run_address>
         <size>0x26c</size>
         <alignment>0x4</alignment>
         <input_file_ref idref="fl-7"/>
      </object_component>
      <object_component id="oc-201">
         <name>.rodata.F</name>
         <load_address>0x28bc</load_address>
         <readonly>true</readonly>
         <run_address>0x28bc</run_address>
         <size>0x1e0</size>
         <alignment>0x1</alignment>
         <input_file_ref idref="fl-3"/>
      </object_component>
      <object_component id="oc-1a5">
         <name>.rodata.cst8</name>
         <load_address>0x2a9c</load_address>
         <readonly>true</readonly>
         <run_address>0x2a9c</run_address>
         <size>0x18</size>
         <alignment>0x4</alignment>
         <input_file_ref idref="fl-2c"/>
      </object_component>
      <object_component id="oc-10d">
         <name>.rodata.str1.16265332423659789559.1</name>
         <load_address>0x2ab4</load_address>
         <readonly>true</readonly>
         <run_address>0x2ab4</run_address>
         <size>0x18</size>
         <alignment>0x1</alignment>
         <input_file_ref idref="fl-4"/>
      </object_component>
      <object_component id="oc-103">
         <name>.rodata.str1.15159059442110792349.1</name>
         <load_address>0x2acc</load_address>
         <readonly>true</readonly>
         <run_address>0x2acc</run_address>
         <size>0x12</size>
         <alignment>0x1</alignment>
         <input_file_ref idref="fl-4"/>
      </object_component>
      <object_component id="oc-134">
         <name>.rodata.str1.3846330321212824532.1</name>
         <load_address>0x2ade</load_address>
         <readonly>true</readonly>
         <run_address>0x2ade</run_address>
         <size>0x12</size>
         <alignment>0x1</alignment>
         <input_file_ref idref="fl-2"/>
      </object_component>
      <object_component id="oc-209">
         <name>.rodata.str1.15363888844622738466.1</name>
         <load_address>0x2af0</load_address>
         <readonly>true</readonly>
         <run_address>0x2af0</run_address>
         <size>0x11</size>
         <alignment>0x1</alignment>
         <input_file_ref idref="fl-3c"/>
      </object_component>
      <object_component id="oc-10b">
         <name>.rodata.str1.14112174005742061988.1</name>
         <load_address>0x2b01</load_address>
         <readonly>true</readonly>
         <run_address>0x2b01</run_address>
         <size>0xf</size>
         <alignment>0x1</alignment>
         <input_file_ref idref="fl-4"/>
      </object_component>
      <object_component id="oc-10e">
         <name>.rodata.str1.15996357275703397564.1</name>
         <load_address>0x2b10</load_address>
         <readonly>true</readonly>
         <run_address>0x2b10</run_address>
         <size>0xf</size>
         <alignment>0x1</alignment>
         <input_file_ref idref="fl-4"/>
      </object_component>
      <object_component id="oc-135">
         <name>.rodata.str1.6100369776142028819.1</name>
         <load_address>0x2b1f</load_address>
         <readonly>true</readonly>
         <run_address>0x2b1f</run_address>
         <size>0xe</size>
         <alignment>0x1</alignment>
         <input_file_ref idref="fl-2"/>
      </object_component>
      <object_component id="oc-136">
         <name>.rodata.str1.14107836020353751890.1</name>
         <load_address>0x2b2d</load_address>
         <readonly>true</readonly>
         <run_address>0x2b2d</run_address>
         <size>0xd</size>
         <alignment>0x1</alignment>
         <input_file_ref idref="fl-2"/>
      </object_component>
      <object_component id="oc-105">
         <name>.rodata.str1.8154729771448623357.1</name>
         <load_address>0x2b3a</load_address>
         <readonly>true</readonly>
         <run_address>0x2b3a</run_address>
         <size>0xd</size>
         <alignment>0x1</alignment>
         <input_file_ref idref="fl-4"/>
      </object_component>
      <object_component id="oc-10c">
         <name>.rodata.str1.7702501944640899365.1</name>
         <load_address>0x2b47</load_address>
         <readonly>true</readonly>
         <run_address>0x2b47</run_address>
         <size>0xc</size>
         <alignment>0x1</alignment>
         <input_file_ref idref="fl-4"/>
      </object_component>
      <object_component id="oc-13b">
         <name>.rodata.str1.17708770684071004443.1</name>
         <load_address>0x2b53</load_address>
         <readonly>true</readonly>
         <run_address>0x2b53</run_address>
         <size>0xb</size>
         <alignment>0x1</alignment>
         <input_file_ref idref="fl-2"/>
      </object_component>
      <object_component id="oc-138">
         <name>.rodata.str1.8357395868762639450.1</name>
         <load_address>0x2b5e</load_address>
         <readonly>true</readonly>
         <run_address>0x2b5e</run_address>
         <size>0xa</size>
         <alignment>0x1</alignment>
         <input_file_ref idref="fl-2"/>
      </object_component>
      <object_component id="oc-139">
         <name>.rodata.str1.9969844259988889360.1</name>
         <load_address>0x2b68</load_address>
         <readonly>true</readonly>
         <run_address>0x2b68</run_address>
         <size>0xa</size>
         <alignment>0x1</alignment>
         <input_file_ref idref="fl-2"/>
      </object_component>
      <object_component id="oc-106">
         <name>.rodata.str1.17100691992556644108.1</name>
         <load_address>0x2b72</load_address>
         <readonly>true</readonly>
         <run_address>0x2b72</run_address>
         <size>0x7</size>
         <alignment>0x1</alignment>
         <input_file_ref idref="fl-4"/>
      </object_component>
      <object_component id="oc-10a">
         <name>.rodata.str1.288608917962107522.1</name>
         <load_address>0x2b79</load_address>
         <readonly>true</readonly>
         <run_address>0x2b79</run_address>
         <size>0x6</size>
         <alignment>0x1</alignment>
         <input_file_ref idref="fl-4"/>
      </object_component>
      <object_component id="oc-137">
         <name>.rodata.str1.6849864942619857425.1</name>
         <load_address>0x2b7f</load_address>
         <readonly>true</readonly>
         <run_address>0x2b7f</run_address>
         <size>0x4</size>
         <alignment>0x1</alignment>
         <input_file_ref idref="fl-2"/>
      </object_component>
      <object_component id="oc-109">
         <name>.rodata.str1.12180500075719773345.1</name>
         <load_address>0x2b83</load_address>
         <readonly>true</readonly>
         <run_address>0x2b83</run_address>
         <size>0x2</size>
         <alignment>0x1</alignment>
         <input_file_ref idref="fl-4"/>
      </object_component>
      <object_component id="oc-107">
         <name>.rodata.str1.18227636981041470289.1</name>
         <load_address>0x2b85</load_address>
         <readonly>true</readonly>
         <run_address>0x2b85</run_address>
         <size>0x2</size>
         <alignment>0x1</alignment>
         <input_file_ref idref="fl-4"/>
      </object_component>
      <object_component id="oc-108">
         <name>.rodata.str1.2846389346932560359.1</name>
         <load_address>0x2b87</load_address>
         <readonly>true</readonly>
         <run_address>0x2b87</run_address>
         <size>0x2</size>
         <alignment>0x1</alignment>
         <input_file_ref idref="fl-4"/>
      </object_component>
      <object_component id="oc-119">
         <name>.rodata.str1.3989973381034227510.1</name>
         <load_address>0x2b89</load_address>
         <readonly>true</readonly>
         <run_address>0x2b89</run_address>
         <size>0x2</size>
         <alignment>0x1</alignment>
         <input_file_ref idref="fl-2"/>
      </object_component>
      <object_component id="oc-11b">
         <name>.rodata.str1.9707769887897754995.1</name>
         <load_address>0x2b8b</load_address>
         <readonly>true</readonly>
         <run_address>0x2b8b</run_address>
         <size>0x2</size>
         <alignment>0x1</alignment>
         <input_file_ref idref="fl-2"/>
      </object_component>
      <object_component id="oc-1a8">
         <name>.debug_loc</name>
         <load_address>0x0</load_address>
         <run_address>0x0</run_address>
         <size>0x2a2</size>
         <alignment>0x1</alignment>
         <input_file_ref idref="fl-2c"/>
      </object_component>
      <object_component id="oc-1f3">
         <name>.debug_loc</name>
         <load_address>0x2a2</load_address>
         <run_address>0x2a2</run_address>
         <size>0x9e</size>
         <alignment>0x1</alignment>
         <input_file_ref idref="fl-2e"/>
      </object_component>
      <object_component id="oc-13e">
         <name>.debug_loc</name>
         <load_address>0x340</load_address>
         <run_address>0x340</run_address>
         <size>0x193</size>
[...]
         <flags>0x5</flags>
         <contents>
            <logical_group_ref idref="lg-4"/>
            <logical_group_ref idref="lg-5"/>
            <logical_group_ref idref="lg-291"/>
            <logical_group_ref idref="lg-6"/>
         </contents>
      </load_segment>
      <load_segment id="lg-2c4" display="no" color="cyan">
         <name>SEGMENT_1</name>
         <run_address>0x20000000</run_address>
         <size>0x16f</size>
         <flags>0x6</flags>
         <contents>
            <logical_group_ref idref="lg-d"/>
            <logical_group_ref idref="lg-a"/>
         </contents>
      </load_segment>
   </logical_group_list>
   <placement_map>
      <memory_area display="yes" color="green">
         <name>FLASH</name>
         <page_id>0x0</page_id>
         <origin>0x0</origin>
         <length>0x40000</length>
         <used_space>0x2bc5</used_space>
         <unused_space>0x3d43b</unused_space>
         <attributes>RX</attributes>
         <usage_details>
            <allocated_space>
               <start_address>0x0</start_address>
               <size>0x2554</size>
               <logical_group_ref idref="lg-4"/>
            </allocated_space>
            <allocated_space>
               <start_address>0x2554</start_address>
               <size>0xfc</size>
               <logical_group_ref idref="lg-5"/>
            </allocated_space>
            <allocated_space>
               <start_address>0x2650</start_address>
               <size>0x53d</size>
               <logical_group_ref idref="lg-291"/>
            </allocated_space>
            <available_space>
               <start_address>0x2b8d</start_address>
               <size>0x3</size>
            </available_space>
            <allocated_space>
               <start_address>0x2b90</start_address>
               <size>0x38</size>
               <logical_group_ref idref="lg-6"/>
            </allocated_space>
            <available_space>
               <start_address>0x2bc8</start_address>
               <size>0x3d438</size>
            </available_space>
         </usage_details>
      </memory_area>
      <memory_area display="yes" color="green">
         <name>SRAM</name>
         <page_id>0x0</page_id>
         <origin>0x20000000</origin>
         <length>0x8000</length>
         <used_space>0x16f</used_space>
         <unused_space>0x7e91</unused_space>
         <attributes>RWX</attributes>
         <usage_details>
            <allocated_space>
               <start_address>0x20000000</start_address>
               <size>0x0</size>
               <logical_group_ref idref="lg-27b"/>
            </allocated_space>
            <allocated_space>
               <start_address>0x20000000</start_address>
               <size>0x0</size>
               <logical_group_ref idref="lg-27d"/>
            </allocated_space>
            <allocated_space>
               <start_address>0x20000000</start_address>
               <size>0x100</size>
               <logical_group_ref idref="lg-d"/>
            </allocated_space>
            <allocated_space>
               <start_address>0x20000100</start_address>
               <size>0x6f</size>
               <logical_group_ref idref="lg-a"/>
            </allocated_space>
            <available_space>
               <start_address>0x2000016f</start_address>
               <size>0x7e91</size>
            </available_space>
         </usage_details>
      </memory_area>
   </placement_map>
   <cptbl_list>
      <cptbl>
         <name>__TI_cinit_table</name>
         <cprec>
            <name>.data</name>
            <load_address>0x2b90</load_address>
            <load_size>0x27</load_size>
            <run_address>0x20000100</run_address>
            <run_size>0x6f</run_size>
            <compression>lzss</compression>
         </cprec>
      </cptbl>
   </cptbl_list>
   <handler_table>
      <handler_table_name>__TI_handler_table</handler_table_name>
      <handler>
         <index>0x0</index>
         <name>__TI_decompress_lzss</name>
      </handler>
      <handler>
         <index>0x1</index>
         <name>__TI_decompress_none</name>
      </handler>
   </handler_table>
   <symbol_table>
      <symbol id="sm-1">
         <name>__STACK_TOP</name>
         <value>0x20000100</value>
      </symbol>
      <symbol id="sm-2">
         <name>__start___llvm_prf_cnts</name>
         <value>0x20000000</value>
      </symbol>
      <symbol id="sm-3">
         <name>__stop___llvm_prf_cnts</name>
         <value>0x20000000</value>
      </symbol>
      <symbol id="sm-4">
         <name>__start___llvm_prf_bits</name>
         <value>0x20000000</value>
      </symbol>
      <symbol id="sm-5">
         <name>__stop___llvm_prf_bits</name>
         <value>0x20000000</value>
      </symbol>
      <symbol id="sm-6">
         <name>__TI_CINIT_Base</name>
         <value>0x2bc0</value>
      </symbol>
      <symbol id="sm-7">
         <name>__TI_CINIT_Limit</name>
         <value>0x2bc8</value>
      </symbol>
      <symbol id="sm-8">
         <name>__TI_CINIT_Warm</name>
         <value>0x2bc8</value>
      </symbol>
      <symbol id="sm-9">
         <name>__TI_Handler_Table_Base</name>
         <value>0x2bb8</value>
      </symbol>
      <symbol id="sm-a">
         <name>__TI_Handler_Table_Limit</name>
         <value>0x2bc0</value>
      </symbol>
      <symbol id="sm-b">
         <name>binit</name>
         <value>0xffffffff</value>
      </symbol>
      <symbol id="sm-c">
         <name>__binit__</name>
         <value>0xffffffff</value>
      </symbol>
      <symbol id="sm-d">
         <name>__STACK_SIZE</name>
         <value>0x100</value>
      </symbol>
      <symbol id="sm-e">
         <name>__STACK_END</name>
         <value>0x20000100</value>
      </symbol>
      <symbol id="sm-f">
         <name>__TI_pprof_out_hndl</name>
         <value>0xffffffff</value>
      </symbol>
      <symbol id="sm-10">
         <name>__TI_prof_data_start</name>
         <value>0xffffffff</value>
      </symbol>
      <symbol id="sm-11">
         <name>__TI_prof_data_size</name>
         <value>0xffffffff</value>
      </symbol>
      <symbol id="sm-3f">
         <name>emg_mock_init</name>
         <value>0x2223</value>
         <object_component_ref idref="oc-81"/>
      </symbol>
      <symbol id="sm-40">
         <name>emg_mock_set_level</name>
         <value>0x1a55</value>
         <object_component_ref idref="oc-11d"/>
      </symbol>
      <symbol id="sm-41">
         <name>emg_mock_read</name>
         <value>0xa91</value>
         <object_component_ref idref="oc-11f"/>
      </symbol>
      <symbol id="sm-66">
         <name>game_init</name>
         <value>0x1dc5</value>
         <object_component_ref idref="oc-83"/>
      </symbol>
      <symbol id="sm-67">
         <name>game_step</name>
         <value>0x1</value>
         <object_component_ref idref="oc-88"/>
      </symbol>
      <symbol id="sm-68">
         <name>game_render</name>
         <value>0xf61</value>
         <object_component_ref idref="oc-89"/>
      </symbol>
      <symbol id="sm-77">
         <name>gfx_text2</name>
         <value>0x18ad</value>
         <object_component_ref idref="oc-19f"/>
      </symbol>
      <symbol id="sm-78">
         <name>gfx_text</name>
         <value>0x2131</value>
         <object_component_ref idref="oc-11a"/>
      </symbol>
      <symbol id="sm-79">
         <name>gfx_bar</name>
         <value>0x1f31</value>
         <object_component_ref idref="oc-1b5"/>
      </symbol>
      <symbol id="sm-7a">
         <name>gfx_clear</name>
         <value>0x2309</value>
         <object_component_ref idref="oc-7f"/>
      </symbol>
      <symbol id="sm-7b">
         <name>gfx_clear_header_band</name>
         <value>0x1c47</value>
         <object_component_ref idref="oc-19e"/>
      </symbol>
      <symbol id="sm-7c">
         <name>gfx_header</name>
         <value>0x181d</value>
         <object_component_ref idref="oc-104"/>
      </symbol>
      <symbol id="sm-94">
         <name>main</name>
         <value>0x193b</value>
         <object_component_ref idref="oc-5a"/>
      </symbol>
      <symbol id="sm-a6">
         <name>process_init</name>
         <value>0x19c9</value>
         <object_component_ref idref="oc-82"/>
      </symbol>
      <symbol id="sm-a7">
         <name>process_push</name>
         <value>0x1621</value>
         <object_component_ref idref="oc-120"/>
      </symbol>
      <symbol id="sm-a8">
         <name>process_envA</name>
         <value>0x248d</value>
         <object_component_ref idref="oc-12c"/>
      </symbol>
      <symbol id="sm-a9">
         <name>process_envB</name>
         <value>0x249b</value>
         <object_component_ref idref="oc-12d"/>
      </symbol>
      <symbol id="sm-aa">
         <name>process_reset_round</name>
         <value>0x22c5</value>
         <object_component_ref idref="oc-12a"/>
      </symbol>
      <symbol id="sm-ab">
         <name>process_accumulate_round</name>
         <value>0x1d6f</value>
         <object_component_ref idref="oc-12e"/>
      </symbol>
      <symbol id="sm-ac">
         <name>process_get_round_avg</name>
         <value>0x16d9</value>
         <object_component_ref idref="oc-131"/>
      </symbol>
      <symbol id="sm-c6">
         <name>ssd1351_set_window</name>
         <value>0x1bd5</value>
         <object_component_ref idref="oc-19c"/>
      </symbol>
      <symbol id="sm-c7">
         <name>ssd1351_draw_rect</name>
         <value>0x11ed</value>
         <object_component_ref idref="oc-102"/>
      </symbol>
      <symbol id="sm-c8">
         <name>ssd1351_fill</name>
         <value>0x2329</value>
         <object_component_ref idref="oc-101"/>
      </symbol>
      <symbol id="sm-c9">
         <name>ssd1351_init</name>
         <value>0xc49</value>
         <object_component_ref idref="oc-7e"/>
      </symbol>
      <symbol id="sm-d2">
         <name>ResetISR</name>
         <value>0x2525</value>
         <object_component_ref idref="oc-29"/>
      </symbol>
      <symbol id="sm-d3">
         <name>g_pfnVectors</name>
         <value>0x2650</value>
         <object_component_ref idref="oc-12"/>
      </symbol>
      <symbol id="sm-d9">
         <name>timer_init</name>
         <value>0x22e7</value>
         <object_component_ref idref="oc-75"/>
      </symbol>
      <symbol id="sm-da">
         <name>millis</name>
         <value>0x24d3</value>
         <object_component_ref idref="oc-84"/>
      </symbol>
      <symbol id="sm-db">
         <name>delay_ms</name>
         <value>0x1cb3</value>
         <object_component_ref idref="oc-86"/>
      </symbol>
      <symbol id="sm-dc">
         <name>__TI_ATRegion0_src_addr</name>
         <value>0x0</value>
      </symbol>
      <symbol id="sm-dd">
         <name>__TI_ATRegion0_trg_addr</name>
         <value>0x0</value>
      </symbol>
      <symbol id="sm-de">
         <name>__TI_ATRegion0_region_sz</name>
         <value>0x0</value>
      </symbol>
      <symbol id="sm-df">
         <name>__TI_ATRegion1_src_addr</name>
         <value>0x0</value>
      </symbol>
      <symbol id="sm-e0">
         <name>__TI_ATRegion1_trg_addr</name>
         <value>0x0</value>
      </symbol>
      <symbol id="sm-e1">
         <name>__TI_ATRegion1_region_sz</name>
         <value>0x0</value>
      </symbol>
      <symbol id="sm-e2">
         <name>__TI_ATRegion2_src_addr</name>
         <value>0x0</value>
      </symbol>
      <symbol id="sm-e3">
         <name>__TI_ATRegion2_trg_addr</name>
         <value>0x0</value>
      </symbol>
      <symbol id="sm-e4">
         <name>__TI_ATRegion2_region_sz</name>
         <value>0x0</value>
      </symbol>
      <symbol id="sm-f2">
         <name>expf</name>
         <value>0x8ad</value>
         <object_component_ref idref="oc-112"/>
      </symbol>
      <symbol id="sm-fd">
         <name>sinf</name>
         <value>0x1785</value>
         <object_component_ref idref="oc-1ae"/>
      </symbol>
      <symbol id="sm-10e">
         <name>snprintf</name>
         <value>0x1ead</value>
         <object_component_ref idref="oc-13c"/>
      </symbol>
      <symbol id="sm-119">
         <name>__aeabi_errno_addr</name>
         <value>0x2515</value>
         <object_component_ref idref="oc-1a0"/>
      </symbol>
      <symbol id="sm-11a">
         <name>__aeabi_errno</name>
         <value>0x20000100</value>
         <object_component_ref idref="oc-1ec"/>
      </symbol>
      <symbol id="sm-128">
         <name>_c_int00_noargs</name>
         <value>0x20fd</value>
         <object_component_ref idref="oc-46"/>
      </symbol>
      <symbol id="sm-129">
         <name>__stack</name>
         <value>0x20000000</value>
         <object_component_ref idref="oc-13"/>
      </symbol>
      <symbol id="sm-135">
         <name>__TI_auto_init_nobinit_nopinit</name>
         <value>0x205d</value>
         <object_component_ref idref="oc-91"/>
      </symbol>
      <symbol id="sm-13d">
         <name>_system_pre_init</name>
         <value>0x2551</value>
         <object_component_ref idref="oc-56"/>
      </symbol>
      <symbol id="sm-148">
         <name>__TI_decompress_none</name>
         <value>0x24c5</value>
         <object_component_ref idref="oc-19"/>
      </symbol>
      <symbol id="sm-152">
         <name>__TI_decompress_lzss</name>
         <value>0x1b61</value>
         <object_component_ref idref="oc-15"/>
      </symbol>
      <symbol id="sm-168">
         <name>__TI_printfi_minimal</name>
         <value>0x651</value>
         <object_component_ref idref="oc-1f4"/>
      </symbol>
      <symbol id="sm-177">
         <name>abort</name>
         <value>0x2537</value>
         <object_component_ref idref="oc-8a"/>
      </symbol>
      <symbol id="sm-184">
         <name>memccpy</name>
         <value>0x22a3</value>
         <object_component_ref idref="oc-205"/>
      </symbol>
      <symbol id="sm-1ed">
         <name>GPIOPinConfigure</name>
         <value>0x1e61</value>
         <object_component_ref idref="oc-e8"/>
      </symbol>
      <symbol id="sm-1ee">
         <name>GPIOPinTypeGPIOOutput</name>
         <value>0x2369</value>
         <object_component_ref idref="oc-e2"/>
      </symbol>
      <symbol id="sm-1ef">
         <name>GPIODirModeSet</name>
         <value>0x224f</value>
         <object_component_ref idref="oc-179"/>
      </symbol>
      <symbol id="sm-1f0">
         <name>GPIOPinWrite</name>
         <value>0x252b</value>
         <object_component_ref idref="oc-f7"/>
      </symbol>
      <symbol id="sm-1f1">
         <name>GPIOPadConfigSet</name>
         <value>0xdf5</value>
         <object_component_ref idref="oc-173"/>
      </symbol>
      <symbol id="sm-1f2">
         <name>GPIOPinTypeSSI</name>
         <value>0x239b</value>
         <object_component_ref idref="oc-ee"/>
      </symbol>
      <symbol id="sm-1fd">
         <name>IntMasterEnable</name>
         <value>0x246d</value>
         <object_component_ref idref="oc-76"/>
      </symbol>
      <symbol id="sm-235">
         <name>SSIDataPut</name>
         <value>0x24f7</value>
         <object_component_ref idref="oc-1df"/>
      </symbol>
      <symbol id="sm-236">
         <name>SSIDataGetNonBlocking</name>
         <value>0x2429</value>
         <object_component_ref idref="oc-1e5"/>
      </symbol>
      <symbol id="sm-237">
         <name>SSIConfigSetExpClk</name>
         <value>0x1fad</value>
         <object_component_ref idref="oc-18c"/>
      </symbol>
      <symbol id="sm-238">
         <name>SSIEnable</name>
         <value>0x250b</value>
         <object_component_ref idref="oc-192"/>
      </symbol>
      <symbol id="sm-239">
         <name>SSIBusy</name>
         <value>0x251d</value>
         <object_component_ref idref="oc-1d9"/>
      </symbol>
      <symbol id="sm-23a">
         <name>SSIDisable</name>
         <value>0x2501</value>
         <object_component_ref idref="oc-186"/>
      </symbol>
      <symbol id="sm-298">
         <name>SysCtlClockSet</name>
         <value>0x152d</value>
         <object_component_ref idref="oc-6f"/>
      </symbol>
      <symbol id="sm-299">
         <name>SysCtlDelay</name>
         <value>0x2531</value>
         <object_component_ref idref="oc-aa"/>
      </symbol>
      <symbol id="sm-29a">
         <name>SysCtlPeripheralEnable</name>
         <value>0x20c9</value>
         <object_component_ref idref="oc-d6"/>
      </symbol>
      <symbol id="sm-29b">
         <name>SysCtlClockGet</name>
         <value>0x1309</value>
         <object_component_ref idref="oc-b2"/>
      </symbol>
      <symbol id="sm-29c">
         <name>SysCtlPeripheralReady</name>
         <value>0x2025</value>
         <object_component_ref idref="oc-dc"/>
      </symbol>
      <symbol id="sm-2c4">
         <name>SysTickEnable</name>
         <value>0x2401</value>
         <object_component_ref idref="oc-c4"/>
      </symbol>
      <symbol id="sm-2c5">
         <name>SysTickIntEnable</name>
         <value>0x2415</value>
         <object_component_ref idref="oc-be"/>
      </symbol>
      <symbol id="sm-2c6">
         <name>SysTickPeriodSet</name>
         <value>0x247d</value>
         <object_component_ref idref="oc-b8"/>
      </symbol>
      <symbol id="sm-2d0">
         <name>CPUcpsie</name>
         <value>0x24df</value>
         <object_component_ref idref="oc-ca"/>
      </symbol>
      <symbol id="sm-2d8">
         <name>HOSTexit</name>
         <value>0x2541</value>
         <object_component_ref idref="oc-142"/>
      </symbol>
      <symbol id="sm-2d9">
         <name>C$$EXIT</name>
         <value>0x2540</value>
         <object_component_ref idref="oc-142"/>
      </symbol>
      <symbol id="sm-2ee">
         <name>__aeabi_memcpy</name>
         <value>0x254d</value>
         <object_component_ref idref="oc-36"/>
      </symbol>
      <symbol id="sm-2ef">
         <name>__aeabi_memcpy4</name>
         <value>0x254d</value>
         <object_component_ref idref="oc-36"/>
      </symbol>
      <symbol id="sm-2f0">
         <name>__aeabi_memcpy8</name>
         <value>0x254d</value>
         <object_component_ref idref="oc-36"/>
      </symbol>
      <symbol id="sm-2f7">
         <name>__aeabi_memset</name>
         <value>0x24ed</value>
         <object_component_ref idref="oc-204"/>
      </symbol>
      <symbol id="sm-2f8">
         <name>__aeabi_memset4</name>
         <value>0x24ed</value>
         <object_component_ref idref="oc-204"/>
      </symbol>
      <symbol id="sm-2f9">
         <name>__aeabi_memset8</name>
         <value>0x24ed</value>
         <object_component_ref idref="oc-204"/>
      </symbol>
      <symbol id="sm-304">
         <name>TI_memcpy_small</name>
         <value>0x243b</value>
         <object_component_ref idref="oc-65"/>
      </symbol>
      <symbol id="sm-30c">
         <name>TI_memset_small</name>
         <value>0x24b7</value>
         <object_component_ref idref="oc-a4"/>
      </symbol>
      <symbol id="sm-30d">
         <name>__TI_static_base__</name>
         <value>0x0</value>
      </symbol>
      <symbol id="sm-310">
         <name>__mpu_init</name>
         <value>0x0</value>
      </symbol>
      <symbol id="sm-311">
         <name>_system_post_cinit</name>
         <value>0x0</value>
      </symbol>
   </symbol_table>
   <title>Link successful</title>
</link_info>
